WeightedEdgeArray
0 0 9.37026692555e-02
0 1 7.84926451743e-02
0 2 3.48419901449e-01
1 0 1.52100240812e-02
1 1 9.37026692555e-02
1 2 2.69927256275e-01
2 0 4.10354818217e-01
2 1 4.88847463391e-01
2 2 7.58774719666e-01
